[2026-04-17 10:35:00Z INFO HostContext] No proxy settings were found based on environmental variables (http_proxy/https_proxy/HTTP_PROXY/HTTPS_PROXY)
[2026-04-17 10:35:00Z INFO HostContext] Well known directory 'Bin': 'C:\Users\flawy\Documents\pipeline\main\Hello\actions-runner\bin'
[2026-04-17 10:35:00Z INFO HostContext] Well known directory 'Root': 'C:\Users\flawy\Documents\pipeline\main\Hello\actions-runner'
[2026-04-17 10:35:00Z INFO HostContext] Well known config file 'Credentials': 'C:\Users\flawy\Documents\pipeline\main\Hello\actions-runner\.credentials'
[2026-04-17 10:35:00Z INFO HostContext] Well known directory 'Bin': 'C:\Users\flawy\Documents\pipeline\main\Hello\actions-runner\bin'
[2026-04-17 10:35:00Z INFO HostContext] Well known directory 'Root': 'C:\Users\flawy\Documents\pipeline\main\Hello\actions-runner'
[2026-04-17 10:35:00Z INFO HostContext] Well known config file 'Runner': 'C:\Users\flawy\Documents\pipeline\main\Hello\actions-runner\.runner'
[2026-04-17 10:35:00Z INFO Listener] Runner is built for Windows (X64) - win-x64.
[2026-04-17 10:35:00Z INFO Listener] RuntimeInformation: Microsoft Windows 10.0.26200.
[2026-04-17 10:35:00Z INFO Listener] Version: 2.333.1
[2026-04-17 10:35:00Z INFO Listener] Commit: 6792966801e8925346735b68c03bf9f347af4646
[2026-04-17 10:35:00Z INFO Listener] Culture: en-US
[2026-04-17 10:35:00Z INFO Listener] UI Culture: en-US
[2026-04-17 10:35:00Z INFO HostContext] Well known directory 'Bin': 'C:\Users\flawy\Documents\pipeline\main\Hello\actions-runner\bin'
[2026-04-17 10:35:00Z INFO HostContext] Well known directory 'Root': 'C:\Users\flawy\Documents\pipeline\main\Hello\actions-runner'
[2026-04-17 10:35:00Z INFO Listener] Validating directory permissions for: 'C:\Users\flawy\Documents\pipeline\main\Hello\actions-runner'
[2026-04-17 10:35:00Z INFO CommandLineParser] Parse
[2026-04-17 10:35:00Z INFO CommandLineParser] Parsing 1 args
[2026-04-17 10:35:00Z INFO CommandLineParser] parsing argument
[2026-04-17 10:35:00Z INFO CommandLineParser] HasArgs: False
[2026-04-17 10:35:00Z INFO CommandLineParser] Adding Command: run
[2026-04-17 10:35:00Z INFO Listener] Arguments parsed
[2026-04-17 10:35:00Z INFO Runner] ExecuteCommand
[2026-04-17 10:35:00Z INFO ConfigurationStore] currentAssemblyLocation: C:\Users\flawy\Documents\pipeline\main\Hello\actions-runner\bin\Runner.Listener.dll
[2026-04-17 10:35:00Z INFO HostContext] Well known directory 'Bin': 'C:\Users\flawy\Documents\pipeline\main\Hello\actions-runner\bin'
[2026-04-17 10:35:00Z INFO ConfigurationStore] binPath: C:\Users\flawy\Documents\pipeline\main\Hello\actions-runner\bin
[2026-04-17 10:35:00Z INFO HostContext] Well known directory 'Bin': 'C:\Users\flawy\Documents\pipeline\main\Hello\actions-runner\bin'
[2026-04-17 10:35:00Z INFO HostContext] Well known directory 'Root': 'C:\Users\flawy\Documents\pipeline\main\Hello\actions-runner'
[2026-04-17 10:35:00Z INFO ConfigurationStore] RootFolder: C:\Users\flawy\Documents\pipeline\main\Hello\actions-runner
[2026-04-17 10:35:00Z INFO HostContext] Well known directory 'Bin': 'C:\Users\flawy\Documents\pipeline\main\Hello\actions-runner\bin'
[2026-04-17 10:35:00Z INFO HostContext] Well known directory 'Root': 'C:\Users\flawy\Documents\pipeline\main\Hello\actions-runner'
[2026-04-17 10:35:00Z INFO HostContext] Well known config file 'Runner': 'C:\Users\flawy\Documents\pipeline\main\Hello\actions-runner\.runner'
[2026-04-17 10:35:00Z INFO ConfigurationStore] ConfigFilePath: C:\Users\flawy\Documents\pipeline\main\Hello\actions-runner\.runner
[2026-04-17 10:35:00Z INFO HostContext] Well known directory 'Bin': 'C:\Users\flawy\Documents\pipeline\main\Hello\actions-runner\bin'
[2026-04-17 10:35:00Z INFO HostContext] Well known directory 'Root': 'C:\Users\flawy\Documents\pipeline\main\Hello\actions-runner'
[2026-04-17 10:35:00Z INFO HostContext] Well known config file 'MigratedRunner': 'C:\Users\flawy\Documents\pipeline\main\Hello\actions-runner\.runner_migrated'
[2026-04-17 10:35:00Z INFO ConfigurationStore] MigratedConfigFilePath: C:\Users\flawy\Documents\pipeline\main\Hello\actions-runner\.runner_migrated
[2026-04-17 10:35:00Z INFO HostContext] Well known directory 'Bin': 'C:\Users\flawy\Documents\pipeline\main\Hello\actions-runner\bin'
[2026-04-17 10:35:00Z INFO HostContext] Well known directory 'Root': 'C:\Users\flawy\Documents\pipeline\main\Hello\actions-runner'
[2026-04-17 10:35:00Z INFO HostContext] Well known config file 'Credentials': 'C:\Users\flawy\Documents\pipeline\main\Hello\actions-runner\.credentials'
[2026-04-17 10:35:00Z INFO ConfigurationStore] CredFilePath: C:\Users\flawy\Documents\pipeline\main\Hello\actions-runner\.credentials
[2026-04-17 10:35:00Z INFO HostContext] Well known directory 'Bin': 'C:\Users\flawy\Documents\pipeline\main\Hello\actions-runner\bin'
[2026-04-17 10:35:00Z INFO HostContext] Well known directory 'Root': 'C:\Users\flawy\Documents\pipeline\main\Hello\actions-runner'
[2026-04-17 10:35:00Z INFO HostContext] Well known config file 'MigratedCredentials': 'C:\Users\flawy\Documents\pipeline\main\Hello\actions-runner\.credentials_migrated'
[2026-04-17 10:35:00Z INFO ConfigurationStore] MigratedCredFilePath: C:\Users\flawy\Documents\pipeline\main\Hello\actions-runner\.credentials_migrated
[2026-04-17 10:35:00Z INFO HostContext] Well known directory 'Bin': 'C:\Users\flawy\Documents\pipeline\main\Hello\actions-runner\bin'
[2026-04-17 10:35:00Z INFO HostContext] Well known directory 'Root': 'C:\Users\flawy\Documents\pipeline\main\Hello\actions-runner'
[2026-04-17 10:35:00Z INFO HostContext] Well known config file 'Service': 'C:\Users\flawy\Documents\pipeline\main\Hello\actions-runner\.service'
[2026-04-17 10:35:00Z INFO ConfigurationStore] ServiceConfigFilePath: C:\Users\flawy\Documents\pipeline\main\Hello\actions-runner\.service
[2026-04-17 10:35:00Z INFO CommandSettings] Flag 'help': 'False'
[2026-04-17 10:35:00Z INFO CommandSettings] Flag 'version': 'False'
[2026-04-17 10:35:00Z INFO CommandSettings] Flag 'commit': 'False'
[2026-04-17 10:35:00Z INFO CommandSettings] Flag 'check': 'False'
[2026-04-17 10:35:00Z INFO CommandSettings] Command 'configure': 'False'
[2026-04-17 10:35:00Z INFO CommandSettings] Command 'remove': 'False'
[2026-04-17 10:35:00Z INFO CommandSettings] Command 'warmup': 'False'
[2026-04-17 10:35:00Z INFO ConfigurationManager] LoadSettings
[2026-04-17 10:35:00Z INFO ConfigurationStore] IsConfigured()
[2026-04-17 10:35:00Z INFO ConfigurationStore] IsConfigured: True
[2026-04-17 10:35:00Z INFO ConfigurationManager] Is configured: True
[2026-04-17 10:35:00Z INFO ConfigurationStore] Read setting file: 390 chars
[2026-04-17 10:35:00Z INFO ConfigurationManager] Settings Loaded
[2026-04-17 10:35:00Z INFO ConfigurationStore] IsServiceConfigured()
[2026-04-17 10:35:00Z INFO ConfigurationStore] IsServiceConfigured: False
[2026-04-17 10:35:00Z INFO CommandSettings] Command 'run': 'True'
[2026-04-17 10:35:00Z INFO ConfigurationStore] IsConfigured()
[2026-04-17 10:35:00Z INFO ConfigurationStore] IsConfigured: True
[2026-04-17 10:35:00Z INFO ConfigurationManager] Is configured: True
[2026-04-17 10:35:00Z INFO Runner] Could not parse the argument value '' for StartupType. Defaulting to Manual
[2026-04-17 10:35:00Z INFO Runner] Set runner startup type - Manual
[2026-04-17 10:35:00Z INFO CommandSettings] Flag 'once': 'False'
[2026-04-17 10:35:00Z INFO CommandSettings] Flag 'once': 'False'
[2026-04-17 10:35:00Z INFO Runner] RunAsync
[2026-04-17 10:35:00Z INFO HostContext] Well known directory 'Bin': 'C:\Users\flawy\Documents\pipeline\main\Hello\actions-runner\bin'
[2026-04-17 10:35:00Z INFO HostContext] Well known directory 'Root': 'C:\Users\flawy\Documents\pipeline\main\Hello\actions-runner'
[2026-04-17 10:35:00Z INFO HostContext] Well known directory 'Work': 'C:\Users\flawy\Documents\pipeline\main\Hello\actions-runner\_work'
[2026-04-17 10:35:00Z INFO Runner] Validating directory permissions for: 'C:\Users\flawy\Documents\pipeline\main\Hello\actions-runner\_work'
[2026-04-17 10:35:00Z INFO ConfigurationManager] LoadMigratedSettings
[2026-04-17 10:35:00Z INFO ConfigurationStore] IsMigratedConfigured()
[2026-04-17 10:35:00Z INFO ConfigurationStore] IsMigratedConfigured: False
[2026-04-17 10:35:00Z INFO Runner] Failed to load migrated settings: No migrated configuration found.
[2026-04-17 10:35:00Z INFO Runner] Falling back to original .runner settings
[2026-04-17 10:35:00Z INFO Runner] Using BrokerMessageListener
[2026-04-17 10:35:00Z INFO BrokerMessageListener] Using provided settings
[2026-04-17 10:35:00Z INFO BrokerMessageListener] {
  "AgentId": 21,
  "AgentName": "LUNAR_LS",
  "PoolId": 1,
  "PoolName": "Default",
  "ServerUrl": "https://pipelinesghubeus21.actions.githubusercontent.com/6gLDCYQ1FqG8j0PhSx8LMkFVPUsNrwLpena6UiQoNaFymIHjrq/",
  "GitHubUrl": "https://github.com/Luna-slendy/Hello",
  "WorkFolder": "_work",
  "UseV2Flow": true,
  "ServerUrlV2": "https://broker.actions.githubusercontent.com/"
}
[2026-04-17 10:35:00Z INFO BrokerMessageListener] Loading Credentials
[2026-04-17 10:35:00Z INFO ConfigurationStore] HasCredentials()
[2026-04-17 10:35:00Z INFO ConfigurationStore] stored True
[2026-04-17 10:35:00Z INFO CredentialManager] GetCredentialProvider
[2026-04-17 10:35:00Z INFO CredentialManager] Creating type OAuth
[2026-04-17 10:35:00Z INFO CredentialManager] Creating credential type: OAuth
[2026-04-17 10:35:00Z INFO HostContext] Well known directory 'Bin': 'C:\Users\flawy\Documents\pipeline\main\Hello\actions-runner\bin'
[2026-04-17 10:35:00Z INFO HostContext] Well known directory 'Root': 'C:\Users\flawy\Documents\pipeline\main\Hello\actions-runner'
[2026-04-17 10:35:00Z INFO HostContext] Well known config file 'RSACredentials': 'C:\Users\flawy\Documents\pipeline\main\Hello\actions-runner\.credentials_rsaparams'
[2026-04-17 10:35:00Z INFO RSAEncryptedFileKeyManager] Loading RSA key parameters from file C:\Users\flawy\Documents\pipeline\main\Hello\actions-runner\.credentials_rsaparams
[2026-04-17 10:35:00Z INFO BrokerMessageListener] Attempt to create session.
[2026-04-17 10:35:00Z INFO BrokerMessageListener] Connecting to the Broker Server...
[2026-04-17 10:35:00Z INFO ConfigurationStore] HasCredentials()
[2026-04-17 10:35:00Z INFO ConfigurationStore] stored True
[2026-04-17 10:35:00Z INFO CredentialManager] GetCredentialProvider
[2026-04-17 10:35:00Z INFO CredentialManager] Creating type OAuth
[2026-04-17 10:35:00Z INFO CredentialManager] Creating credential type: OAuth
[2026-04-17 10:35:00Z INFO RSAEncryptedFileKeyManager] Loading RSA key parameters from file C:\Users\flawy\Documents\pipeline\main\Hello\actions-runner\.credentials_rsaparams
[2026-04-17 10:35:00Z INFO BrokerMessageListener] VssConnection created
[2026-04-17 10:35:00Z INFO BrokerMessageListener] Connecting to the Runner server...
[2026-04-17 10:35:00Z INFO RunnerServer] EstablishVssConnection
[2026-04-17 10:35:00Z INFO RunnerServer] Establish connection with 100 seconds timeout.
[2026-04-17 10:35:00Z INFO GitHubActionsService] Starting operation Location.GetConnectionData
[2026-04-17 10:35:00Z INFO RunnerServer] EstablishVssConnection
[2026-04-17 10:35:00Z INFO RunnerServer] Establish connection with 60 seconds timeout.
[2026-04-17 10:35:00Z INFO GitHubActionsService] Starting operation Location.GetConnectionData
[2026-04-17 10:35:00Z INFO RunnerServer] EstablishVssConnection
[2026-04-17 10:35:00Z INFO RunnerServer] Establish connection with 60 seconds timeout.
[2026-04-17 10:35:00Z INFO GitHubActionsService] Starting operation Location.GetConnectionData
[2026-04-17 10:35:01Z INFO GitHubActionsService] Finished operation Location.GetConnectionData
[2026-04-17 10:35:01Z INFO GitHubActionsService] Finished operation Location.GetConnectionData
[2026-04-17 10:35:01Z INFO GitHubActionsService] Finished operation Location.GetConnectionData
[2026-04-17 10:35:01Z INFO BrokerMessageListener] VssConnection created
[2026-04-17 10:35:01Z INFO Terminal] WRITE LINE: 
[2026-04-17 10:35:01Z INFO Terminal] WRITE LINE: 
[2026-04-17 10:35:01Z INFO RSAEncryptedFileKeyManager] Loading RSA key parameters from file C:\Users\flawy\Documents\pipeline\main\Hello\actions-runner\.credentials_rsaparams
[2026-04-17 10:35:01Z INFO RSAEncryptedFileKeyManager] Loading RSA key parameters from file C:\Users\flawy\Documents\pipeline\main\Hello\actions-runner\.credentials_rsaparams
[2026-04-17 10:35:02Z INFO GitHubActionsService] AAD Correlation ID for this token request: Unknown
[2026-04-17 10:35:03Z INFO BrokerMessageListener] Session created.
[2026-04-17 10:35:03Z INFO Terminal] WRITE LINE: Current runner version: '2.333.1'
[2026-04-17 10:35:03Z INFO Terminal] WRITE LINE: 2026-04-17 10:35:03Z: Listening for Jobs
[2026-04-17 10:35:03Z INFO JobDispatcher] Set runner/worker IPC timeout to 30 seconds.
[2026-04-17 10:39:20Z INFO BrokerMessageListener] Acknowledging runner request 'dad7a6eb-ae20-589c-a563-2972f201d82e'.
[2026-04-17 10:39:20Z INFO ConfigurationStore] HasCredentials()
[2026-04-17 10:39:20Z INFO ConfigurationStore] stored True
[2026-04-17 10:39:20Z INFO CredentialManager] GetCredentialProvider
[2026-04-17 10:39:20Z INFO CredentialManager] Creating type OAuth
[2026-04-17 10:39:20Z INFO CredentialManager] Creating credential type: OAuth
[2026-04-17 10:39:20Z INFO RSAEncryptedFileKeyManager] Loading RSA key parameters from file C:\Users\flawy\Documents\pipeline\main\Hello\actions-runner\.credentials_rsaparams
[2026-04-17 10:39:20Z INFO RSAEncryptedFileKeyManager] Loading RSA key parameters from file C:\Users\flawy\Documents\pipeline\main\Hello\actions-runner\.credentials_rsaparams
[2026-04-17 10:39:20Z INFO RSAEncryptedFileKeyManager] Loading RSA key parameters from file C:\Users\flawy\Documents\pipeline\main\Hello\actions-runner\.credentials_rsaparams
[2026-04-17 10:39:21Z INFO GitHubActionsService] AAD Correlation ID for this token request: Unknown
[2026-04-17 10:39:22Z INFO JobDispatcher] Job request 0 for plan 9f9135b5-8dae-45e2-80f3-03ca7a727da2 job dad7a6eb-ae20-589c-a563-2972f201d82e received.
[2026-04-17 10:39:22Z INFO JobDispatcher] Pull OrchestrationId 9f9135b5-8dae-45e2-80f3-03ca7a727da2.sync.__default from JWT claims
[2026-04-17 10:39:22Z INFO BrokerMessageListener] Received job status event. JobState: Busy
[2026-04-17 10:39:22Z INFO BrokerMessageListener] _getMessagesTokenSource is already disposed.
[2026-04-17 10:39:22Z INFO Terminal] WRITE LINE: 2026-04-17 10:39:22Z: Running job: sync
[2026-04-17 10:39:22Z INFO JobDispatcher] Start renew job request 0 for job dad7a6eb-ae20-589c-a563-2972f201d82e.
[2026-04-17 10:39:22Z INFO JobDispatcher] Successfully renew job dad7a6eb-ae20-589c-a563-2972f201d82e, job is valid till 4/17/2026 10:49:22 AM
[2026-04-17 10:39:22Z INFO HostContext] Well known directory 'Bin': 'C:\Users\flawy\Documents\pipeline\main\Hello\actions-runner\bin'
[2026-04-17 10:39:22Z INFO ProcessInvokerWrapper] Starting process:
[2026-04-17 10:39:22Z INFO ProcessInvokerWrapper]   File name: 'C:\Users\flawy\Documents\pipeline\main\Hello\actions-runner\bin\Runner.Worker.exe'
[2026-04-17 10:39:22Z INFO ProcessInvokerWrapper]   Arguments: 'spawnclient 1520 2136'
[2026-04-17 10:39:22Z INFO ProcessInvokerWrapper]   Working directory: 'C:\Users\flawy\Documents\pipeline\main\Hello\actions-runner\bin'
[2026-04-17 10:39:22Z INFO ProcessInvokerWrapper]   Require exit code zero: 'False'
[2026-04-17 10:39:22Z INFO ProcessInvokerWrapper]   Encoding web name:  ; code page: ''
[2026-04-17 10:39:22Z INFO ProcessInvokerWrapper]   Force kill process on cancellation: 'True'
[2026-04-17 10:39:22Z INFO ProcessInvokerWrapper]   Redirected STDIN: 'False'
[2026-04-17 10:39:22Z INFO ProcessInvokerWrapper]   Persist current code page: 'False'
[2026-04-17 10:39:22Z INFO ProcessInvokerWrapper]   Keep redirected STDIN open: 'False'
[2026-04-17 10:39:22Z INFO ProcessInvokerWrapper]   High priority process: 'True'
[2026-04-17 10:39:22Z INFO ProcessInvokerWrapper] Process started with process id 14064, waiting for process exit.
[2026-04-17 10:39:22Z INFO JobDispatcher] Send job request message to worker for job dad7a6eb-ae20-589c-a563-2972f201d82e.
[2026-04-17 10:39:22Z INFO ProcessChannel] Sending message of length 21270, with hash 'd0bc7d634d111fc380afc937dd358f078fbbcf0c6295250eafe11436627cd50b'
[2026-04-17 10:39:22Z INFO JobNotification] Entering JobStarted Notification
[2026-04-17 10:39:22Z INFO JobNotification] Entering StartMonitor
[2026-04-17 10:40:00Z INFO ProcessInvokerWrapper] STDOUT/STDERR stream read finished.
[2026-04-17 10:40:00Z INFO ProcessInvokerWrapper] STDOUT/STDERR stream read finished.
[2026-04-17 10:40:00Z INFO ProcessInvokerWrapper] Finished process 14064 with exit code 102, and elapsed time 00:00:38.1629472.
[2026-04-17 10:40:00Z INFO JobDispatcher] Worker finished for job dad7a6eb-ae20-589c-a563-2972f201d82e. Code: 102
[2026-04-17 10:40:00Z INFO JobDispatcher] finish job request for job dad7a6eb-ae20-589c-a563-2972f201d82e with result: Failed
[2026-04-17 10:40:00Z INFO Terminal] WRITE LINE: 2026-04-17 10:40:00Z: Job sync completed with result: Failed
[2026-04-17 10:40:00Z INFO JobDispatcher] Stop renew job request for job dad7a6eb-ae20-589c-a563-2972f201d82e.
[2026-04-17 10:40:00Z INFO JobDispatcher] job renew has been cancelled, stop renew job dad7a6eb-ae20-589c-a563-2972f201d82e.
[2026-04-17 10:40:00Z INFO JobNotification] Entering JobCompleted Notification
[2026-04-17 10:40:00Z INFO JobNotification] Entering EndMonitor
[2026-04-17 10:40:00Z INFO BrokerMessageListener] Received job status event. JobState: Online
[2026-04-17 10:40:00Z WARN GitHubActionsService] GET request to https://broker.actions.githubusercontent.com/message?sessionId=a2ac55f5-45ec-4ec8-b708-1e874222e547&status=Busy&runnerVersion=2.333.1&os=Windows&architecture=X64&disableUpdate=false has been cancelled.
[2026-04-17 10:40:00Z ERR  BrokerServer] Catch exception during request
[2026-04-17 10:40:00Z ERR  BrokerServer] System.Threading.Tasks.TaskCanceledException: The operation was canceled.
 ---> System.Threading.Tasks.TaskCanceledException: The operation was canceled.
 ---> System.IO.IOException: Unable to read data from the transport connection: The I/O operation has been aborted because of either a thread exit or an application request..
 ---> System.Net.Sockets.SocketException (995): The I/O operation has been aborted because of either a thread exit or an application request.
   --- End of inner exception stack trace ---
   at System.Net.Sockets.Socket.AwaitableSocketAsyncEventArgs.ThrowException(SocketError error, CancellationToken cancellationToken)
   at System.Net.Sockets.Socket.AwaitableSocketAsyncEventArgs.System.Threading.Tasks.Sources.IValueTaskSource<System.Int32>.GetResult(Int16 token)
   at System.Net.Security.SslStream.EnsureFullTlsFrameAsync[TIOAdapter](CancellationToken cancellationToken, Int32 estimatedSize)
   at System.Runtime.CompilerServices.PoolingAsyncValueTaskMethodBuilder`1.StateMachineBox`1.System.Threading.Tasks.Sources.IValueTaskSource<TResult>.GetResult(Int16 token)
   at System.Net.Security.SslStream.ReadAsyncInternal[TIOAdapter](Memory`1 buffer, CancellationToken cancellationToken)
   at System.Runtime.CompilerServices.PoolingAsyncValueTaskMethodBuilder`1.StateMachineBox`1.System.Threading.Tasks.Sources.IValueTaskSource<TResult>.GetResult(Int16 token)
   at System.Net.Http.HttpConnection.SendAsync(HttpRequestMessage request, Boolean async, CancellationToken cancellationToken)
   --- End of inner exception stack trace ---
   at System.Net.Http.HttpConnection.SendAsync(HttpRequestMessage request, Boolean async, CancellationToken cancellationToken)
   at System.Net.Http.AuthenticationHelper.SendWithNtAuthAsync(HttpRequestMessage request, Uri authUri, Boolean async, ICredentials credentials, Boolean isProxyAuth, HttpConnection connection, HttpConnectionPool connectionPool, CancellationToken cancellationToken)
   at System.Net.Http.HttpConnectionPool.SendWithVersionDetectionAndRetryAsync(HttpRequestMessage request, Boolean async, Boolean doRequestAuth, CancellationToken cancellationToken)
   at System.Net.Http.AuthenticationHelper.SendWithAuthAsync(HttpRequestMessage request, Uri authUri, Boolean async, ICredentials credentials, Boolean preAuthenticate, Boolean isProxyAuth, Boolean doRequestAuth, HttpConnectionPool pool, CancellationToken cancellationToken)
   at System.Net.Http.RedirectHandler.SendAsync(HttpRequestMessage request, Boolean async, CancellationToken cancellationToken)
   at GitHub.Services.Common.RawHttpMessageHandler.SendAsync(HttpRequestMessage request, CancellationToken cancellationToken)
   at GitHub.Services.Common.VssHttpRetryMessageHandler.SendAsync(HttpRequestMessage request, CancellationToken cancellationToken)
   at System.Net.Http.HttpClient.<SendAsync>g__Core|83_0(HttpRequestMessage request, HttpCompletionOption completionOption, CancellationTokenSource cts, Boolean disposeCts, CancellationTokenSource pendingRequestsCts, CancellationToken originalCancellationToken)
   --- End of inner exception stack trace ---
   at System.Net.Http.HttpClient.HandleFailure(Exception e, Boolean telemetryStarted, HttpResponseMessage response, CancellationTokenSource cts, CancellationToken cancellationToken, CancellationTokenSource pendingRequestsCts)
   at System.Net.Http.HttpClient.<SendAsync>g__Core|83_0(HttpRequestMessage request, HttpCompletionOption completionOption, CancellationTokenSource cts, Boolean disposeCts, CancellationTokenSource pendingRequestsCts, CancellationToken originalCancellationToken)
   at Sdk.WebApi.WebApi.RawHttpClientBase.SendAsync(HttpRequestMessage message, HttpCompletionOption completionOption, Object userState, CancellationToken cancellationToken)
   at Sdk.WebApi.WebApi.RawHttpClientBase.SendAsync[T](HttpRequestMessage message, Boolean readErrorBody, Object userState, CancellationToken cancellationToken)
   at Sdk.WebApi.WebApi.RawHttpClientBase.SendAsync[T](HttpMethod method, IEnumerable`1 additionalHeaders, Uri requestUri, HttpContent content, IEnumerable`1 queryParameters, Boolean readErrorBody, Object userState, CancellationToken cancellationToken)
   at GitHub.Actions.RunService.WebApi.BrokerHttpClient.GetRunnerMessageAsync(Nullable`1 sessionId, String runnerVersion, Nullable`1 status, String os, String architecture, Nullable`1 disableUpdate, CancellationToken cancellationToken)
   at GitHub.Runner.Common.BrokerServer.<>c__DisplayClass7_0.<<GetRunnerMessageAsync>b__0>d.MoveNext()
--- End of stack trace from previous location ---
   at GitHub.Runner.Common.RunnerService.RetryRequest[T](Func`1 func, CancellationToken cancellationToken, Int32 maxAttempts, Func`2 shouldRetry)
[2026-04-17 10:40:00Z ERR  BrokerServer] #####################################################
[2026-04-17 10:40:00Z ERR  BrokerServer] System.Threading.Tasks.TaskCanceledException: The operation was canceled.
 ---> System.IO.IOException: Unable to read data from the transport connection: The I/O operation has been aborted because of either a thread exit or an application request..
 ---> System.Net.Sockets.SocketException (995): The I/O operation has been aborted because of either a thread exit or an application request.
   --- End of inner exception stack trace ---
   at System.Net.Sockets.Socket.AwaitableSocketAsyncEventArgs.ThrowException(SocketError error, CancellationToken cancellationToken)
   at System.Net.Sockets.Socket.AwaitableSocketAsyncEventArgs.System.Threading.Tasks.Sources.IValueTaskSource<System.Int32>.GetResult(Int16 token)
   at System.Net.Security.SslStream.EnsureFullTlsFrameAsync[TIOAdapter](CancellationToken cancellationToken, Int32 estimatedSize)
   at System.Runtime.CompilerServices.PoolingAsyncValueTaskMethodBuilder`1.StateMachineBox`1.System.Threading.Tasks.Sources.IValueTaskSource<TResult>.GetResult(Int16 token)
   at System.Net.Security.SslStream.ReadAsyncInternal[TIOAdapter](Memory`1 buffer, CancellationToken cancellationToken)
   at System.Runtime.CompilerServices.PoolingAsyncValueTaskMethodBuilder`1.StateMachineBox`1.System.Threading.Tasks.Sources.IValueTaskSource<TResult>.GetResult(Int16 token)
   at System.Net.Http.HttpConnection.SendAsync(HttpRequestMessage request, Boolean async, CancellationToken cancellationToken)
   --- End of inner exception stack trace ---
   at System.Net.Http.HttpConnection.SendAsync(HttpRequestMessage request, Boolean async, CancellationToken cancellationToken)
   at System.Net.Http.AuthenticationHelper.SendWithNtAuthAsync(HttpRequestMessage request, Uri authUri, Boolean async, ICredentials credentials, Boolean isProxyAuth, HttpConnection connection, HttpConnectionPool connectionPool, CancellationToken cancellationToken)
   at System.Net.Http.HttpConnectionPool.SendWithVersionDetectionAndRetryAsync(HttpRequestMessage request, Boolean async, Boolean doRequestAuth, CancellationToken cancellationToken)
   at System.Net.Http.AuthenticationHelper.SendWithAuthAsync(HttpRequestMessage request, Uri authUri, Boolean async, ICredentials credentials, Boolean preAuthenticate, Boolean isProxyAuth, Boolean doRequestAuth, HttpConnectionPool pool, CancellationToken cancellationToken)
   at System.Net.Http.RedirectHandler.SendAsync(HttpRequestMessage request, Boolean async, CancellationToken cancellationToken)
   at GitHub.Services.Common.RawHttpMessageHandler.SendAsync(HttpRequestMessage request, CancellationToken cancellationToken)
   at GitHub.Services.Common.VssHttpRetryMessageHandler.SendAsync(HttpRequestMessage request, CancellationToken cancellationToken)
   at System.Net.Http.HttpClient.<SendAsync>g__Core|83_0(HttpRequestMessage request, HttpCompletionOption completionOption, CancellationTokenSource cts, Boolean disposeCts, CancellationTokenSource pendingRequestsCts, CancellationToken originalCancellationToken)
[2026-04-17 10:40:00Z ERR  BrokerServer] #####################################################
[2026-04-17 10:40:00Z ERR  BrokerServer] System.IO.IOException: Unable to read data from the transport connection: The I/O operation has been aborted because of either a thread exit or an application request..
 ---> System.Net.Sockets.SocketException (995): The I/O operation has been aborted because of either a thread exit or an application request.
   --- End of inner exception stack trace ---
   at System.Net.Sockets.Socket.AwaitableSocketAsyncEventArgs.ThrowException(SocketError error, CancellationToken cancellationToken)
   at System.Net.Sockets.Socket.AwaitableSocketAsyncEventArgs.System.Threading.Tasks.Sources.IValueTaskSource<System.Int32>.GetResult(Int16 token)
   at System.Net.Security.SslStream.EnsureFullTlsFrameAsync[TIOAdapter](CancellationToken cancellationToken, Int32 estimatedSize)
   at System.Runtime.CompilerServices.PoolingAsyncValueTaskMethodBuilder`1.StateMachineBox`1.System.Threading.Tasks.Sources.IValueTaskSource<TResult>.GetResult(Int16 token)
   at System.Net.Security.SslStream.ReadAsyncInternal[TIOAdapter](Memory`1 buffer, CancellationToken cancellationToken)
   at System.Runtime.CompilerServices.PoolingAsyncValueTaskMethodBuilder`1.StateMachineBox`1.System.Threading.Tasks.Sources.IValueTaskSource<TResult>.GetResult(Int16 token)
   at System.Net.Http.HttpConnection.SendAsync(HttpRequestMessage request, Boolean async, CancellationToken cancellationToken)
[2026-04-17 10:40:00Z ERR  BrokerServer] #####################################################
[2026-04-17 10:40:00Z ERR  BrokerServer] System.Net.Sockets.SocketException (995): The I/O operation has been aborted because of either a thread exit or an application request.
[2026-04-17 10:40:00Z WARN BrokerServer] Back off 11.077 seconds before next retry. 4 attempt left.
[2026-04-17 10:40:00Z INFO BrokerMessageListener] Get messages has been cancelled using local token source. Continue to get messages with new status.
[2026-04-17 10:41:21Z INFO BrokerMessageListener] Acknowledging runner request '466d2303-e185-5ddd-982a-f0bd65e20fa1'.
[2026-04-17 10:41:21Z INFO ConfigurationStore] HasCredentials()
[2026-04-17 10:41:21Z INFO ConfigurationStore] stored True
[2026-04-17 10:41:21Z INFO CredentialManager] GetCredentialProvider
[2026-04-17 10:41:21Z INFO CredentialManager] Creating type OAuth
[2026-04-17 10:41:21Z INFO CredentialManager] Creating credential type: OAuth
[2026-04-17 10:41:21Z INFO RSAEncryptedFileKeyManager] Loading RSA key parameters from file C:\Users\flawy\Documents\pipeline\main\Hello\actions-runner\.credentials_rsaparams
[2026-04-17 10:41:21Z INFO RSAEncryptedFileKeyManager] Loading RSA key parameters from file C:\Users\flawy\Documents\pipeline\main\Hello\actions-runner\.credentials_rsaparams
[2026-04-17 10:41:21Z INFO RSAEncryptedFileKeyManager] Loading RSA key parameters from file C:\Users\flawy\Documents\pipeline\main\Hello\actions-runner\.credentials_rsaparams
[2026-04-17 10:41:22Z INFO GitHubActionsService] AAD Correlation ID for this token request: Unknown
[2026-04-17 10:41:23Z INFO JobDispatcher] Job request 0 for plan 096d1c2b-1661-409f-a466-4be7b1c37d44 job 466d2303-e185-5ddd-982a-f0bd65e20fa1 received.
[2026-04-17 10:41:23Z INFO JobDispatcher] Pull OrchestrationId 096d1c2b-1661-409f-a466-4be7b1c37d44.sync.__default from JWT claims
[2026-04-17 10:41:23Z INFO BrokerMessageListener] Received job status event. JobState: Busy
[2026-04-17 10:41:23Z INFO BrokerMessageListener] _getMessagesTokenSource is already disposed.
[2026-04-17 10:41:23Z INFO JobDispatcher] Job request dad7a6eb-ae20-589c-a563-2972f201d82e processed succeed.
[2026-04-17 10:41:23Z INFO Terminal] WRITE LINE: 2026-04-17 10:41:23Z: Running job: sync
[2026-04-17 10:41:23Z INFO JobDispatcher] Start renew job request 0 for job 466d2303-e185-5ddd-982a-f0bd65e20fa1.
[2026-04-17 10:41:23Z INFO JobDispatcher] Successfully renew job 466d2303-e185-5ddd-982a-f0bd65e20fa1, job is valid till 4/17/2026 10:51:23 AM
[2026-04-17 10:41:23Z INFO HostContext] Well known directory 'Bin': 'C:\Users\flawy\Documents\pipeline\main\Hello\actions-runner\bin'
[2026-04-17 10:41:23Z INFO ProcessInvokerWrapper] Starting process:
[2026-04-17 10:41:23Z INFO ProcessInvokerWrapper]   File name: 'C:\Users\flawy\Documents\pipeline\main\Hello\actions-runner\bin\Runner.Worker.exe'
[2026-04-17 10:41:23Z INFO ProcessInvokerWrapper]   Arguments: 'spawnclient 1952 1732'
[2026-04-17 10:41:23Z INFO ProcessInvokerWrapper]   Working directory: 'C:\Users\flawy\Documents\pipeline\main\Hello\actions-runner\bin'
[2026-04-17 10:41:23Z INFO ProcessInvokerWrapper]   Require exit code zero: 'False'
[2026-04-17 10:41:23Z INFO ProcessInvokerWrapper]   Encoding web name:  ; code page: ''
[2026-04-17 10:41:23Z INFO ProcessInvokerWrapper]   Force kill process on cancellation: 'True'
[2026-04-17 10:41:23Z INFO ProcessInvokerWrapper]   Redirected STDIN: 'False'
[2026-04-17 10:41:23Z INFO ProcessInvokerWrapper]   Persist current code page: 'False'
[2026-04-17 10:41:23Z INFO ProcessInvokerWrapper]   Keep redirected STDIN open: 'False'
[2026-04-17 10:41:23Z INFO ProcessInvokerWrapper]   High priority process: 'True'
[2026-04-17 10:41:23Z INFO ProcessInvokerWrapper] Process started with process id 21020, waiting for process exit.
[2026-04-17 10:41:23Z INFO JobDispatcher] Send job request message to worker for job 466d2303-e185-5ddd-982a-f0bd65e20fa1.
[2026-04-17 10:41:23Z INFO ProcessChannel] Sending message of length 19668, with hash '670dcebcb7463a81d0468118d648b931bd1d0df94fdcec19ab85c03fd0810a53'
[2026-04-17 10:41:23Z INFO JobNotification] Entering JobStarted Notification
[2026-04-17 10:41:23Z INFO JobNotification] Entering StartMonitor
[2026-04-17 10:41:28Z INFO ProcessInvokerWrapper] STDOUT/STDERR stream read finished.
[2026-04-17 10:41:28Z INFO ProcessInvokerWrapper] STDOUT/STDERR stream read finished.
[2026-04-17 10:41:28Z INFO ProcessInvokerWrapper] Finished process 21020 with exit code 102, and elapsed time 00:00:05.0247291.
[2026-04-17 10:41:28Z INFO JobDispatcher] Worker finished for job 466d2303-e185-5ddd-982a-f0bd65e20fa1. Code: 102
[2026-04-17 10:41:28Z INFO JobDispatcher] finish job request for job 466d2303-e185-5ddd-982a-f0bd65e20fa1 with result: Failed
[2026-04-17 10:41:28Z INFO Terminal] WRITE LINE: 2026-04-17 10:41:28Z: Job sync completed with result: Failed
[2026-04-17 10:41:28Z INFO JobDispatcher] Stop renew job request for job 466d2303-e185-5ddd-982a-f0bd65e20fa1.
[2026-04-17 10:41:28Z INFO JobDispatcher] job renew has been cancelled, stop renew job 466d2303-e185-5ddd-982a-f0bd65e20fa1.
[2026-04-17 10:41:28Z INFO JobNotification] Entering JobCompleted Notification
[2026-04-17 10:41:28Z INFO JobNotification] Entering EndMonitor
[2026-04-17 10:41:28Z INFO BrokerMessageListener] Received job status event. JobState: Online
[2026-04-17 10:41:28Z WARN GitHubActionsService] GET request to https://broker.actions.githubusercontent.com/message?sessionId=a2ac55f5-45ec-4ec8-b708-1e874222e547&status=Busy&runnerVersion=2.333.1&os=Windows&architecture=X64&disableUpdate=false has been cancelled.
[2026-04-17 10:41:28Z ERR  BrokerServer] Catch exception during request
[2026-04-17 10:41:28Z ERR  BrokerServer] System.Threading.Tasks.TaskCanceledException: The operation was canceled.
 ---> System.Threading.Tasks.TaskCanceledException: The operation was canceled.
 ---> System.IO.IOException: Unable to read data from the transport connection: The I/O operation has been aborted because of either a thread exit or an application request..
 ---> System.Net.Sockets.SocketException (995): The I/O operation has been aborted because of either a thread exit or an application request.
   --- End of inner exception stack trace ---
   at System.Net.Sockets.Socket.AwaitableSocketAsyncEventArgs.ThrowException(SocketError error, CancellationToken cancellationToken)
   at System.Net.Sockets.Socket.AwaitableSocketAsyncEventArgs.System.Threading.Tasks.Sources.IValueTaskSource<System.Int32>.GetResult(Int16 token)
   at System.Net.Security.SslStream.EnsureFullTlsFrameAsync[TIOAdapter](CancellationToken cancellationToken, Int32 estimatedSize)
   at System.Runtime.CompilerServices.PoolingAsyncValueTaskMethodBuilder`1.StateMachineBox`1.System.Threading.Tasks.Sources.IValueTaskSource<TResult>.GetResult(Int16 token)
   at System.Net.Security.SslStream.ReadAsyncInternal[TIOAdapter](Memory`1 buffer, CancellationToken cancellationToken)
   at System.Runtime.CompilerServices.PoolingAsyncValueTaskMethodBuilder`1.StateMachineBox`1.System.Threading.Tasks.Sources.IValueTaskSource<TResult>.GetResult(Int16 token)
   at System.Net.Http.HttpConnection.SendAsync(HttpRequestMessage request, Boolean async, CancellationToken cancellationToken)
   --- End of inner exception stack trace ---
   at System.Net.Http.HttpConnection.SendAsync(HttpRequestMessage request, Boolean async, CancellationToken cancellationToken)
   at System.Net.Http.AuthenticationHelper.SendWithNtAuthAsync(HttpRequestMessage request, Uri authUri, Boolean async, ICredentials credentials, Boolean isProxyAuth, HttpConnection connection, HttpConnectionPool connectionPool, CancellationToken cancellationToken)
   at System.Net.Http.HttpConnectionPool.SendWithVersionDetectionAndRetryAsync(HttpRequestMessage request, Boolean async, Boolean doRequestAuth, CancellationToken cancellationToken)
   at System.Net.Http.AuthenticationHelper.SendWithAuthAsync(HttpRequestMessage request, Uri authUri, Boolean async, ICredentials credentials, Boolean preAuthenticate, Boolean isProxyAuth, Boolean doRequestAuth, HttpConnectionPool pool, CancellationToken cancellationToken)
   at System.Net.Http.RedirectHandler.SendAsync(HttpRequestMessage request, Boolean async, CancellationToken cancellationToken)
   at GitHub.Services.Common.RawHttpMessageHandler.SendAsync(HttpRequestMessage request, CancellationToken cancellationToken)
   at GitHub.Services.Common.VssHttpRetryMessageHandler.SendAsync(HttpRequestMessage request, CancellationToken cancellationToken)
   at System.Net.Http.HttpClient.<SendAsync>g__Core|83_0(HttpRequestMessage request, HttpCompletionOption completionOption, CancellationTokenSource cts, Boolean disposeCts, CancellationTokenSource pendingRequestsCts, CancellationToken originalCancellationToken)
   --- End of inner exception stack trace ---
   at System.Net.Http.HttpClient.HandleFailure(Exception e, Boolean telemetryStarted, HttpResponseMessage response, CancellationTokenSource cts, CancellationToken cancellationToken, CancellationTokenSource pendingRequestsCts)
   at System.Net.Http.HttpClient.<SendAsync>g__Core|83_0(HttpRequestMessage request, HttpCompletionOption completionOption, CancellationTokenSource cts, Boolean disposeCts, CancellationTokenSource pendingRequestsCts, CancellationToken originalCancellationToken)
   at Sdk.WebApi.WebApi.RawHttpClientBase.SendAsync(HttpRequestMessage message, HttpCompletionOption completionOption, Object userState, CancellationToken cancellationToken)
   at Sdk.WebApi.WebApi.RawHttpClientBase.SendAsync[T](HttpRequestMessage message, Boolean readErrorBody, Object userState, CancellationToken cancellationToken)
   at Sdk.WebApi.WebApi.RawHttpClientBase.SendAsync[T](HttpMethod method, IEnumerable`1 additionalHeaders, Uri requestUri, HttpContent content, IEnumerable`1 queryParameters, Boolean readErrorBody, Object userState, CancellationToken cancellationToken)
   at GitHub.Actions.RunService.WebApi.BrokerHttpClient.GetRunnerMessageAsync(Nullable`1 sessionId, String runnerVersion, Nullable`1 status, String os, String architecture, Nullable`1 disableUpdate, CancellationToken cancellationToken)
   at GitHub.Runner.Common.BrokerServer.<>c__DisplayClass7_0.<<GetRunnerMessageAsync>b__0>d.MoveNext()
--- End of stack trace from previous location ---
   at GitHub.Runner.Common.RunnerService.RetryRequest[T](Func`1 func, CancellationToken cancellationToken, Int32 maxAttempts, Func`2 shouldRetry)
[2026-04-17 10:41:28Z ERR  BrokerServer] #####################################################
[2026-04-17 10:41:28Z ERR  BrokerServer] System.Threading.Tasks.TaskCanceledException: The operation was canceled.
 ---> System.IO.IOException: Unable to read data from the transport connection: The I/O operation has been aborted because of either a thread exit or an application request..
 ---> System.Net.Sockets.SocketException (995): The I/O operation has been aborted because of either a thread exit or an application request.
   --- End of inner exception stack trace ---
   at System.Net.Sockets.Socket.AwaitableSocketAsyncEventArgs.ThrowException(SocketError error, CancellationToken cancellationToken)
   at System.Net.Sockets.Socket.AwaitableSocketAsyncEventArgs.System.Threading.Tasks.Sources.IValueTaskSource<System.Int32>.GetResult(Int16 token)
   at System.Net.Security.SslStream.EnsureFullTlsFrameAsync[TIOAdapter](CancellationToken cancellationToken, Int32 estimatedSize)
   at System.Runtime.CompilerServices.PoolingAsyncValueTaskMethodBuilder`1.StateMachineBox`1.System.Threading.Tasks.Sources.IValueTaskSource<TResult>.GetResult(Int16 token)
   at System.Net.Security.SslStream.ReadAsyncInternal[TIOAdapter](Memory`1 buffer, CancellationToken cancellationToken)
   at System.Runtime.CompilerServices.PoolingAsyncValueTaskMethodBuilder`1.StateMachineBox`1.System.Threading.Tasks.Sources.IValueTaskSource<TResult>.GetResult(Int16 token)
   at System.Net.Http.HttpConnection.SendAsync(HttpRequestMessage request, Boolean async, CancellationToken cancellationToken)
   --- End of inner exception stack trace ---
   at System.Net.Http.HttpConnection.SendAsync(HttpRequestMessage request, Boolean async, CancellationToken cancellationToken)
   at System.Net.Http.AuthenticationHelper.SendWithNtAuthAsync(HttpRequestMessage request, Uri authUri, Boolean async, ICredentials credentials, Boolean isProxyAuth, HttpConnection connection, HttpConnectionPool connectionPool, CancellationToken cancellationToken)
   at System.Net.Http.HttpConnectionPool.SendWithVersionDetectionAndRetryAsync(HttpRequestMessage request, Boolean async, Boolean doRequestAuth, CancellationToken cancellationToken)
   at System.Net.Http.AuthenticationHelper.SendWithAuthAsync(HttpRequestMessage request, Uri authUri, Boolean async, ICredentials credentials, Boolean preAuthenticate, Boolean isProxyAuth, Boolean doRequestAuth, HttpConnectionPool pool, CancellationToken cancellationToken)
   at System.Net.Http.RedirectHandler.SendAsync(HttpRequestMessage request, Boolean async, CancellationToken cancellationToken)
   at GitHub.Services.Common.RawHttpMessageHandler.SendAsync(HttpRequestMessage request, CancellationToken cancellationToken)
   at GitHub.Services.Common.VssHttpRetryMessageHandler.SendAsync(HttpRequestMessage request, CancellationToken cancellationToken)
   at System.Net.Http.HttpClient.<SendAsync>g__Core|83_0(HttpRequestMessage request, HttpCompletionOption completionOption, CancellationTokenSource cts, Boolean disposeCts, CancellationTokenSource pendingRequestsCts, CancellationToken originalCancellationToken)
[2026-04-17 10:41:28Z ERR  BrokerServer] #####################################################
[2026-04-17 10:41:28Z ERR  BrokerServer] System.IO.IOException: Unable to read data from the transport connection: The I/O operation has been aborted because of either a thread exit or an application request..
 ---> System.Net.Sockets.SocketException (995): The I/O operation has been aborted because of either a thread exit or an application request.
   --- End of inner exception stack trace ---
   at System.Net.Sockets.Socket.AwaitableSocketAsyncEventArgs.ThrowException(SocketError error, CancellationToken cancellationToken)
   at System.Net.Sockets.Socket.AwaitableSocketAsyncEventArgs.System.Threading.Tasks.Sources.IValueTaskSource<System.Int32>.GetResult(Int16 token)
   at System.Net.Security.SslStream.EnsureFullTlsFrameAsync[TIOAdapter](CancellationToken cancellationToken, Int32 estimatedSize)
   at System.Runtime.CompilerServices.PoolingAsyncValueTaskMethodBuilder`1.StateMachineBox`1.System.Threading.Tasks.Sources.IValueTaskSource<TResult>.GetResult(Int16 token)
   at System.Net.Security.SslStream.ReadAsyncInternal[TIOAdapter](Memory`1 buffer, CancellationToken cancellationToken)
   at System.Runtime.CompilerServices.PoolingAsyncValueTaskMethodBuilder`1.StateMachineBox`1.System.Threading.Tasks.Sources.IValueTaskSource<TResult>.GetResult(Int16 token)
   at System.Net.Http.HttpConnection.SendAsync(HttpRequestMessage request, Boolean async, CancellationToken cancellationToken)
[2026-04-17 10:41:28Z ERR  BrokerServer] #####################################################
[2026-04-17 10:41:28Z ERR  BrokerServer] System.Net.Sockets.SocketException (995): The I/O operation has been aborted because of either a thread exit or an application request.
[2026-04-17 10:41:28Z WARN BrokerServer] Back off 10.699 seconds before next retry. 4 attempt left.
[2026-04-17 10:41:28Z INFO BrokerMessageListener] Get messages has been cancelled using local token source. Continue to get messages with new status.
[2026-04-17 10:44:52Z INFO BrokerMessageListener] Acknowledging runner request '1faeac3c-ee2d-5167-a8c4-065fcf8dd598'.
[2026-04-17 10:44:52Z INFO ConfigurationStore] HasCredentials()
[2026-04-17 10:44:52Z INFO ConfigurationStore] stored True
[2026-04-17 10:44:52Z INFO CredentialManager] GetCredentialProvider
[2026-04-17 10:44:52Z INFO CredentialManager] Creating type OAuth
[2026-04-17 10:44:52Z INFO CredentialManager] Creating credential type: OAuth
[2026-04-17 10:44:52Z INFO RSAEncryptedFileKeyManager] Loading RSA key parameters from file C:\Users\flawy\Documents\pipeline\main\Hello\actions-runner\.credentials_rsaparams
[2026-04-17 10:44:52Z INFO RSAEncryptedFileKeyManager] Loading RSA key parameters from file C:\Users\flawy\Documents\pipeline\main\Hello\actions-runner\.credentials_rsaparams
[2026-04-17 10:44:52Z INFO RSAEncryptedFileKeyManager] Loading RSA key parameters from file C:\Users\flawy\Documents\pipeline\main\Hello\actions-runner\.credentials_rsaparams
[2026-04-17 10:44:53Z INFO GitHubActionsService] AAD Correlation ID for this token request: Unknown
[2026-04-17 10:44:54Z INFO JobDispatcher] Job request 0 for plan 67aff764-5852-4b8f-a571-10cd0a0a79c0 job 1faeac3c-ee2d-5167-a8c4-065fcf8dd598 received.
[2026-04-17 10:44:54Z INFO JobDispatcher] Pull OrchestrationId 67aff764-5852-4b8f-a571-10cd0a0a79c0.sync.__default from JWT claims
[2026-04-17 10:44:54Z INFO BrokerMessageListener] Received job status event. JobState: Busy
[2026-04-17 10:44:54Z INFO BrokerMessageListener] _getMessagesTokenSource is already disposed.
[2026-04-17 10:44:54Z INFO JobDispatcher] Job request 466d2303-e185-5ddd-982a-f0bd65e20fa1 processed succeed.
[2026-04-17 10:44:54Z INFO Terminal] WRITE LINE: 2026-04-17 10:44:54Z: Running job: sync
[2026-04-17 10:44:54Z INFO JobDispatcher] Start renew job request 0 for job 1faeac3c-ee2d-5167-a8c4-065fcf8dd598.
[2026-04-17 10:44:54Z INFO JobDispatcher] Successfully renew job 1faeac3c-ee2d-5167-a8c4-065fcf8dd598, job is valid till 4/17/2026 10:54:54 AM
[2026-04-17 10:44:54Z INFO HostContext] Well known directory 'Bin': 'C:\Users\flawy\Documents\pipeline\main\Hello\actions-runner\bin'
[2026-04-17 10:44:54Z INFO ProcessInvokerWrapper] Starting process:
[2026-04-17 10:44:54Z INFO ProcessInvokerWrapper]   File name: 'C:\Users\flawy\Documents\pipeline\main\Hello\actions-runner\bin\Runner.Worker.exe'
[2026-04-17 10:44:54Z INFO ProcessInvokerWrapper]   Arguments: 'spawnclient 2460 2472'
[2026-04-17 10:44:54Z INFO ProcessInvokerWrapper]   Working directory: 'C:\Users\flawy\Documents\pipeline\main\Hello\actions-runner\bin'
[2026-04-17 10:44:54Z INFO ProcessInvokerWrapper]   Require exit code zero: 'False'
[2026-04-17 10:44:54Z INFO ProcessInvokerWrapper]   Encoding web name:  ; code page: ''
[2026-04-17 10:44:54Z INFO ProcessInvokerWrapper]   Force kill process on cancellation: 'True'
[2026-04-17 10:44:54Z INFO ProcessInvokerWrapper]   Redirected STDIN: 'False'
[2026-04-17 10:44:54Z INFO ProcessInvokerWrapper]   Persist current code page: 'False'
[2026-04-17 10:44:54Z INFO ProcessInvokerWrapper]   Keep redirected STDIN open: 'False'
[2026-04-17 10:44:54Z INFO ProcessInvokerWrapper]   High priority process: 'True'
[2026-04-17 10:44:54Z INFO ProcessInvokerWrapper] Process started with process id 3944, waiting for process exit.
[2026-04-17 10:44:54Z INFO JobDispatcher] Send job request message to worker for job 1faeac3c-ee2d-5167-a8c4-065fcf8dd598.
[2026-04-17 10:44:54Z INFO ProcessChannel] Sending message of length 19691, with hash 'a0561b11f1e34f8d8487f9119023b5df234be89b9c406ae1b7b122b6eab8382a'
[2026-04-17 10:44:55Z INFO JobNotification] Entering JobStarted Notification
[2026-04-17 10:44:55Z INFO JobNotification] Entering StartMonitor
[2026-04-17 10:45:01Z INFO ProcessInvokerWrapper] STDOUT/STDERR stream read finished.
[2026-04-17 10:45:01Z INFO ProcessInvokerWrapper] STDOUT/STDERR stream read finished.
[2026-04-17 10:45:01Z INFO ProcessInvokerWrapper] Finished process 3944 with exit code 100, and elapsed time 00:00:06.1121533.
[2026-04-17 10:45:01Z INFO JobDispatcher] Worker finished for job 1faeac3c-ee2d-5167-a8c4-065fcf8dd598. Code: 100
[2026-04-17 10:45:01Z INFO JobDispatcher] finish job request for job 1faeac3c-ee2d-5167-a8c4-065fcf8dd598 with result: Succeeded
[2026-04-17 10:45:01Z INFO Terminal] WRITE LINE: 2026-04-17 10:45:01Z: Job sync completed with result: Succeeded
[2026-04-17 10:45:01Z INFO JobDispatcher] Stop renew job request for job 1faeac3c-ee2d-5167-a8c4-065fcf8dd598.
[2026-04-17 10:45:01Z INFO JobDispatcher] job renew has been cancelled, stop renew job 1faeac3c-ee2d-5167-a8c4-065fcf8dd598.
[2026-04-17 10:45:01Z INFO JobNotification] Entering JobCompleted Notification
[2026-04-17 10:45:01Z INFO JobNotification] Entering EndMonitor
[2026-04-17 10:45:01Z INFO BrokerMessageListener] Received job status event. JobState: Online
[2026-04-17 10:45:01Z WARN GitHubActionsService] GET request to https://broker.actions.githubusercontent.com/message?sessionId=a2ac55f5-45ec-4ec8-b708-1e874222e547&status=Busy&runnerVersion=2.333.1&os=Windows&architecture=X64&disableUpdate=false has been cancelled.
[2026-04-17 10:45:01Z ERR  BrokerServer] Catch exception during request
[2026-04-17 10:45:01Z ERR  BrokerServer] System.Threading.Tasks.TaskCanceledException: The operation was canceled.
 ---> System.Threading.Tasks.TaskCanceledException: The operation was canceled.
 ---> System.IO.IOException: Unable to read data from the transport connection: The I/O operation has been aborted because of either a thread exit or an application request..
 ---> System.Net.Sockets.SocketException (995): The I/O operation has been aborted because of either a thread exit or an application request.
   --- End of inner exception stack trace ---
   at System.Net.Sockets.Socket.AwaitableSocketAsyncEventArgs.System.Threading.Tasks.Sources.IValueTaskSource<System.Int32>.GetResult(Int16 token)
   at System.Net.Security.SslStream.EnsureFullTlsFrameAsync[TIOAdapter](CancellationToken cancellationToken, Int32 estimatedSize)
   at System.Runtime.CompilerServices.PoolingAsyncValueTaskMethodBuilder`1.StateMachineBox`1.System.Threading.Tasks.Sources.IValueTaskSource<TResult>.GetResult(Int16 token)
   at System.Net.Security.SslStream.ReadAsyncInternal[TIOAdapter](Memory`1 buffer, CancellationToken cancellationToken)
   at System.Runtime.CompilerServices.PoolingAsyncValueTaskMethodBuilder`1.StateMachineBox`1.System.Threading.Tasks.Sources.IValueTaskSource<TResult>.GetResult(Int16 token)
   at System.Net.Http.HttpConnection.SendAsync(HttpRequestMessage request, Boolean async, CancellationToken cancellationToken)
   --- End of inner exception stack trace ---
   at System.Net.Http.HttpConnection.SendAsync(HttpRequestMessage request, Boolean async, CancellationToken cancellationToken)
   at System.Net.Http.AuthenticationHelper.SendWithNtAuthAsync(HttpRequestMessage request, Uri authUri, Boolean async, ICredentials credentials, Boolean isProxyAuth, HttpConnection connection, HttpConnectionPool connectionPool, CancellationToken cancellationToken)
   at System.Net.Http.HttpConnectionPool.SendWithVersionDetectionAndRetryAsync(HttpRequestMessage request, Boolean async, Boolean doRequestAuth, CancellationToken cancellationToken)
   at System.Net.Http.AuthenticationHelper.SendWithAuthAsync(HttpRequestMessage request, Uri authUri, Boolean async, ICredentials credentials, Boolean preAuthenticate, Boolean isProxyAuth, Boolean doRequestAuth, HttpConnectionPool pool, CancellationToken cancellationToken)
   at System.Net.Http.RedirectHandler.SendAsync(HttpRequestMessage request, Boolean async, CancellationToken cancellationToken)
   at GitHub.Services.Common.RawHttpMessageHandler.SendAsync(HttpRequestMessage request, CancellationToken cancellationToken)
   at GitHub.Services.Common.VssHttpRetryMessageHandler.SendAsync(HttpRequestMessage request, CancellationToken cancellationToken)
   at System.Net.Http.HttpClient.<SendAsync>g__Core|83_0(HttpRequestMessage request, HttpCompletionOption completionOption, CancellationTokenSource cts, Boolean disposeCts, CancellationTokenSource pendingRequestsCts, CancellationToken originalCancellationToken)
   --- End of inner exception stack trace ---
   at System.Net.Http.HttpClient.HandleFailure(Exception e, Boolean telemetryStarted, HttpResponseMessage response, CancellationTokenSource cts, CancellationToken cancellationToken, CancellationTokenSource pendingRequestsCts)
   at System.Net.Http.HttpClient.<SendAsync>g__Core|83_0(HttpRequestMessage request, HttpCompletionOption completionOption, CancellationTokenSource cts, Boolean disposeCts, CancellationTokenSource pendingRequestsCts, CancellationToken originalCancellationToken)
   at Sdk.WebApi.WebApi.RawHttpClientBase.SendAsync(HttpRequestMessage message, HttpCompletionOption completionOption, Object userState, CancellationToken cancellationToken)
   at Sdk.WebApi.WebApi.RawHttpClientBase.SendAsync[T](HttpRequestMessage message, Boolean readErrorBody, Object userState, CancellationToken cancellationToken)
   at Sdk.WebApi.WebApi.RawHttpClientBase.SendAsync[T](HttpMethod method, IEnumerable`1 additionalHeaders, Uri requestUri, HttpContent content, IEnumerable`1 queryParameters, Boolean readErrorBody, Object userState, CancellationToken cancellationToken)
   at GitHub.Actions.RunService.WebApi.BrokerHttpClient.GetRunnerMessageAsync(Nullable`1 sessionId, String runnerVersion, Nullable`1 status, String os, String architecture, Nullable`1 disableUpdate, CancellationToken cancellationToken)
   at GitHub.Runner.Common.BrokerServer.<>c__DisplayClass7_0.<<GetRunnerMessageAsync>b__0>d.MoveNext()
--- End of stack trace from previous location ---
   at GitHub.Runner.Common.RunnerService.RetryRequest[T](Func`1 func, CancellationToken cancellationToken, Int32 maxAttempts, Func`2 shouldRetry)
[2026-04-17 10:45:01Z ERR  BrokerServer] #####################################################
[2026-04-17 10:45:01Z ERR  BrokerServer] System.Threading.Tasks.TaskCanceledException: The operation was canceled.
 ---> System.IO.IOException: Unable to read data from the transport connection: The I/O operation has been aborted because of either a thread exit or an application request..
 ---> System.Net.Sockets.SocketException (995): The I/O operation has been aborted because of either a thread exit or an application request.
   --- End of inner exception stack trace ---
   at System.Net.Sockets.Socket.AwaitableSocketAsyncEventArgs.System.Threading.Tasks.Sources.IValueTaskSource<System.Int32>.GetResult(Int16 token)
   at System.Net.Security.SslStream.EnsureFullTlsFrameAsync[TIOAdapter](CancellationToken cancellationToken, Int32 estimatedSize)
   at System.Runtime.CompilerServices.PoolingAsyncValueTaskMethodBuilder`1.StateMachineBox`1.System.Threading.Tasks.Sources.IValueTaskSource<TResult>.GetResult(Int16 token)
   at System.Net.Security.SslStream.ReadAsyncInternal[TIOAdapter](Memory`1 buffer, CancellationToken cancellationToken)
   at System.Runtime.CompilerServices.PoolingAsyncValueTaskMethodBuilder`1.StateMachineBox`1.System.Threading.Tasks.Sources.IValueTaskSource<TResult>.GetResult(Int16 token)
   at System.Net.Http.HttpConnection.SendAsync(HttpRequestMessage request, Boolean async, CancellationToken cancellationToken)
   --- End of inner exception stack trace ---
   at System.Net.Http.HttpConnection.SendAsync(HttpRequestMessage request, Boolean async, CancellationToken cancellationToken)
   at System.Net.Http.AuthenticationHelper.SendWithNtAuthAsync(HttpRequestMessage request, Uri authUri, Boolean async, ICredentials credentials, Boolean isProxyAuth, HttpConnection connection, HttpConnectionPool connectionPool, CancellationToken cancellationToken)
   at System.Net.Http.HttpConnectionPool.SendWithVersionDetectionAndRetryAsync(HttpRequestMessage request, Boolean async, Boolean doRequestAuth, CancellationToken cancellationToken)
   at System.Net.Http.AuthenticationHelper.SendWithAuthAsync(HttpRequestMessage request, Uri authUri, Boolean async, ICredentials credentials, Boolean preAuthenticate, Boolean isProxyAuth, Boolean doRequestAuth, HttpConnectionPool pool, CancellationToken cancellationToken)
   at System.Net.Http.RedirectHandler.SendAsync(HttpRequestMessage request, Boolean async, CancellationToken cancellationToken)
   at GitHub.Services.Common.RawHttpMessageHandler.SendAsync(HttpRequestMessage request, CancellationToken cancellationToken)
   at GitHub.Services.Common.VssHttpRetryMessageHandler.SendAsync(HttpRequestMessage request, CancellationToken cancellationToken)
   at System.Net.Http.HttpClient.<SendAsync>g__Core|83_0(HttpRequestMessage request, HttpCompletionOption completionOption, CancellationTokenSource cts, Boolean disposeCts, CancellationTokenSource pendingRequestsCts, CancellationToken originalCancellationToken)
[2026-04-17 10:45:01Z ERR  BrokerServer] #####################################################
[2026-04-17 10:45:01Z ERR  BrokerServer] System.IO.IOException: Unable to read data from the transport connection: The I/O operation has been aborted because of either a thread exit or an application request..
 ---> System.Net.Sockets.SocketException (995): The I/O operation has been aborted because of either a thread exit or an application request.
   --- End of inner exception stack trace ---
   at System.Net.Sockets.Socket.AwaitableSocketAsyncEventArgs.System.Threading.Tasks.Sources.IValueTaskSource<System.Int32>.GetResult(Int16 token)
   at System.Net.Security.SslStream.EnsureFullTlsFrameAsync[TIOAdapter](CancellationToken cancellationToken, Int32 estimatedSize)
   at System.Runtime.CompilerServices.PoolingAsyncValueTaskMethodBuilder`1.StateMachineBox`1.System.Threading.Tasks.Sources.IValueTaskSource<TResult>.GetResult(Int16 token)
   at System.Net.Security.SslStream.ReadAsyncInternal[TIOAdapter](Memory`1 buffer, CancellationToken cancellationToken)
   at System.Runtime.CompilerServices.PoolingAsyncValueTaskMethodBuilder`1.StateMachineBox`1.System.Threading.Tasks.Sources.IValueTaskSource<TResult>.GetResult(Int16 token)
   at System.Net.Http.HttpConnection.SendAsync(HttpRequestMessage request, Boolean async, CancellationToken cancellationToken)
[2026-04-17 10:45:01Z ERR  BrokerServer] #####################################################
[2026-04-17 10:45:01Z ERR  BrokerServer] System.Net.Sockets.SocketException (995): The I/O operation has been aborted because of either a thread exit or an application request.
[2026-04-17 10:45:01Z WARN BrokerServer] Back off 10.224 seconds before next retry. 4 attempt left.
[2026-04-17 10:45:01Z INFO BrokerMessageListener] Get messages has been cancelled using local token source. Continue to get messages with new status.
[2026-04-17 10:46:39Z INFO BrokerMessageListener] Acknowledging runner request 'cd58084c-2d42-5365-92be-d793507d177c'.
[2026-04-17 10:46:39Z INFO ConfigurationStore] HasCredentials()
[2026-04-17 10:46:39Z INFO ConfigurationStore] stored True
[2026-04-17 10:46:39Z INFO CredentialManager] GetCredentialProvider
[2026-04-17 10:46:39Z INFO CredentialManager] Creating type OAuth
[2026-04-17 10:46:39Z INFO CredentialManager] Creating credential type: OAuth
[2026-04-17 10:46:39Z INFO RSAEncryptedFileKeyManager] Loading RSA key parameters from file C:\Users\flawy\Documents\pipeline\main\Hello\actions-runner\.credentials_rsaparams
[2026-04-17 10:46:39Z INFO RSAEncryptedFileKeyManager] Loading RSA key parameters from file C:\Users\flawy\Documents\pipeline\main\Hello\actions-runner\.credentials_rsaparams
[2026-04-17 10:46:39Z INFO RSAEncryptedFileKeyManager] Loading RSA key parameters from file C:\Users\flawy\Documents\pipeline\main\Hello\actions-runner\.credentials_rsaparams
[2026-04-17 10:46:40Z INFO GitHubActionsService] AAD Correlation ID for this token request: Unknown
[2026-04-17 10:46:41Z INFO JobDispatcher] Job request 0 for plan bb956259-dae1-42d3-b6b1-602e62644384 job cd58084c-2d42-5365-92be-d793507d177c received.
[2026-04-17 10:46:41Z INFO JobDispatcher] Pull OrchestrationId bb956259-dae1-42d3-b6b1-602e62644384.sync.__default from JWT claims
[2026-04-17 10:46:41Z INFO BrokerMessageListener] Received job status event. JobState: Busy
[2026-04-17 10:46:41Z INFO BrokerMessageListener] _getMessagesTokenSource is already disposed.
[2026-04-17 10:46:41Z INFO JobDispatcher] Job request 1faeac3c-ee2d-5167-a8c4-065fcf8dd598 processed succeed.
[2026-04-17 10:46:41Z INFO Terminal] WRITE LINE: 2026-04-17 10:46:41Z: Running job: sync
[2026-04-17 10:46:41Z INFO JobDispatcher] Start renew job request 0 for job cd58084c-2d42-5365-92be-d793507d177c.
[2026-04-17 10:46:41Z INFO JobDispatcher] Successfully renew job cd58084c-2d42-5365-92be-d793507d177c, job is valid till 4/17/2026 10:56:41 AM
[2026-04-17 10:46:41Z INFO HostContext] Well known directory 'Bin': 'C:\Users\flawy\Documents\pipeline\main\Hello\actions-runner\bin'
[2026-04-17 10:46:41Z INFO ProcessInvokerWrapper] Starting process:
[2026-04-17 10:46:41Z INFO ProcessInvokerWrapper]   File name: 'C:\Users\flawy\Documents\pipeline\main\Hello\actions-runner\bin\Runner.Worker.exe'
[2026-04-17 10:46:41Z INFO ProcessInvokerWrapper]   Arguments: 'spawnclient 1640 2616'
[2026-04-17 10:46:41Z INFO ProcessInvokerWrapper]   Working directory: 'C:\Users\flawy\Documents\pipeline\main\Hello\actions-runner\bin'
[2026-04-17 10:46:41Z INFO ProcessInvokerWrapper]   Require exit code zero: 'False'
[2026-04-17 10:46:41Z INFO ProcessInvokerWrapper]   Encoding web name:  ; code page: ''
[2026-04-17 10:46:41Z INFO ProcessInvokerWrapper]   Force kill process on cancellation: 'True'
[2026-04-17 10:46:41Z INFO ProcessInvokerWrapper]   Redirected STDIN: 'False'
[2026-04-17 10:46:41Z INFO ProcessInvokerWrapper]   Persist current code page: 'False'
[2026-04-17 10:46:41Z INFO ProcessInvokerWrapper]   Keep redirected STDIN open: 'False'
[2026-04-17 10:46:41Z INFO ProcessInvokerWrapper]   High priority process: 'True'
[2026-04-17 10:46:41Z INFO ProcessInvokerWrapper] Process started with process id 17348, waiting for process exit.
[2026-04-17 10:46:41Z INFO JobDispatcher] Send job request message to worker for job cd58084c-2d42-5365-92be-d793507d177c.
[2026-04-17 10:46:41Z INFO ProcessChannel] Sending message of length 19691, with hash '045815bd015ecd2164063c4a838845d8b61d9eac984bca47d6788b86cb887ace'
[2026-04-17 10:46:42Z INFO JobNotification] Entering JobStarted Notification
[2026-04-17 10:46:42Z INFO JobNotification] Entering StartMonitor
[2026-04-17 10:46:47Z INFO ProcessInvokerWrapper] STDOUT/STDERR stream read finished.
[2026-04-17 10:46:47Z INFO ProcessInvokerWrapper] STDOUT/STDERR stream read finished.
[2026-04-17 10:46:47Z INFO ProcessInvokerWrapper] Finished process 17348 with exit code 100, and elapsed time 00:00:05.5958580.
[2026-04-17 10:46:47Z INFO JobDispatcher] Worker finished for job cd58084c-2d42-5365-92be-d793507d177c. Code: 100
[2026-04-17 10:46:47Z INFO JobDispatcher] finish job request for job cd58084c-2d42-5365-92be-d793507d177c with result: Succeeded
[2026-04-17 10:46:47Z INFO Terminal] WRITE LINE: 2026-04-17 10:46:47Z: Job sync completed with result: Succeeded
[2026-04-17 10:46:47Z INFO JobDispatcher] Stop renew job request for job cd58084c-2d42-5365-92be-d793507d177c.
[2026-04-17 10:46:47Z INFO JobDispatcher] job renew has been cancelled, stop renew job cd58084c-2d42-5365-92be-d793507d177c.
[2026-04-17 10:46:47Z INFO JobNotification] Entering JobCompleted Notification
[2026-04-17 10:46:47Z INFO JobNotification] Entering EndMonitor
[2026-04-17 10:46:47Z INFO BrokerMessageListener] Received job status event. JobState: Online
[2026-04-17 10:46:47Z WARN GitHubActionsService] GET request to https://broker.actions.githubusercontent.com/message?sessionId=a2ac55f5-45ec-4ec8-b708-1e874222e547&status=Busy&runnerVersion=2.333.1&os=Windows&architecture=X64&disableUpdate=false has been cancelled.
[2026-04-17 10:46:47Z ERR  BrokerServer] Catch exception during request
[2026-04-17 10:46:47Z ERR  BrokerServer] System.Threading.Tasks.TaskCanceledException: The operation was canceled.
 ---> System.Threading.Tasks.TaskCanceledException: The operation was canceled.
 ---> System.IO.IOException: Unable to read data from the transport connection: The I/O operation has been aborted because of either a thread exit or an application request..
 ---> System.Net.Sockets.SocketException (995): The I/O operation has been aborted because of either a thread exit or an application request.
   --- End of inner exception stack trace ---
   at System.Net.Sockets.Socket.AwaitableSocketAsyncEventArgs.System.Threading.Tasks.Sources.IValueTaskSource<System.Int32>.GetResult(Int16 token)
   at System.Net.Security.SslStream.EnsureFullTlsFrameAsync[TIOAdapter](CancellationToken cancellationToken, Int32 estimatedSize)
   at System.Runtime.CompilerServices.PoolingAsyncValueTaskMethodBuilder`1.StateMachineBox`1.System.Threading.Tasks.Sources.IValueTaskSource<TResult>.GetResult(Int16 token)
   at System.Net.Security.SslStream.ReadAsyncInternal[TIOAdapter](Memory`1 buffer, CancellationToken cancellationToken)
   at System.Runtime.CompilerServices.PoolingAsyncValueTaskMethodBuilder`1.StateMachineBox`1.System.Threading.Tasks.Sources.IValueTaskSource<TResult>.GetResult(Int16 token)
   at System.Net.Http.HttpConnection.SendAsync(HttpRequestMessage request, Boolean async, CancellationToken cancellationToken)
   --- End of inner exception stack trace ---
   at System.Net.Http.HttpConnection.SendAsync(HttpRequestMessage request, Boolean async, CancellationToken cancellationToken)
   at System.Net.Http.AuthenticationHelper.SendWithNtAuthAsync(HttpRequestMessage request, Uri authUri, Boolean async, ICredentials credentials, Boolean isProxyAuth, HttpConnection connection, HttpConnectionPool connectionPool, CancellationToken cancellationToken)
   at System.Net.Http.HttpConnectionPool.SendWithVersionDetectionAndRetryAsync(HttpRequestMessage request, Boolean async, Boolean doRequestAuth, CancellationToken cancellationToken)
   at System.Net.Http.AuthenticationHelper.SendWithAuthAsync(HttpRequestMessage request, Uri authUri, Boolean async, ICredentials credentials, Boolean preAuthenticate, Boolean isProxyAuth, Boolean doRequestAuth, HttpConnectionPool pool, CancellationToken cancellationToken)
   at System.Net.Http.RedirectHandler.SendAsync(HttpRequestMessage request, Boolean async, CancellationToken cancellationToken)
   at GitHub.Services.Common.RawHttpMessageHandler.SendAsync(HttpRequestMessage request, CancellationToken cancellationToken)
   at GitHub.Services.Common.VssHttpRetryMessageHandler.SendAsync(HttpRequestMessage request, CancellationToken cancellationToken)
   at System.Net.Http.HttpClient.<SendAsync>g__Core|83_0(HttpRequestMessage request, HttpCompletionOption completionOption, CancellationTokenSource cts, Boolean disposeCts, CancellationTokenSource pendingRequestsCts, CancellationToken originalCancellationToken)
   --- End of inner exception stack trace ---
   at System.Net.Http.HttpClient.HandleFailure(Exception e, Boolean telemetryStarted, HttpResponseMessage response, CancellationTokenSource cts, CancellationToken cancellationToken, CancellationTokenSource pendingRequestsCts)
   at System.Net.Http.HttpClient.<SendAsync>g__Core|83_0(HttpRequestMessage request, HttpCompletionOption completionOption, CancellationTokenSource cts, Boolean disposeCts, CancellationTokenSource pendingRequestsCts, CancellationToken originalCancellationToken)
   at Sdk.WebApi.WebApi.RawHttpClientBase.SendAsync(HttpRequestMessage message, HttpCompletionOption completionOption, Object userState, CancellationToken cancellationToken)
   at Sdk.WebApi.WebApi.RawHttpClientBase.SendAsync[T](HttpRequestMessage message, Boolean readErrorBody, Object userState, CancellationToken cancellationToken)
   at Sdk.WebApi.WebApi.RawHttpClientBase.SendAsync[T](HttpMethod method, IEnumerable`1 additionalHeaders, Uri requestUri, HttpContent content, IEnumerable`1 queryParameters, Boolean readErrorBody, Object userState, CancellationToken cancellationToken)
   at GitHub.Actions.RunService.WebApi.BrokerHttpClient.GetRunnerMessageAsync(Nullable`1 sessionId, String runnerVersion, Nullable`1 status, String os, String architecture, Nullable`1 disableUpdate, CancellationToken cancellationToken)
   at GitHub.Runner.Common.BrokerServer.<>c__DisplayClass7_0.<<GetRunnerMessageAsync>b__0>d.MoveNext()
--- End of stack trace from previous location ---
   at GitHub.Runner.Common.RunnerService.RetryRequest[T](Func`1 func, CancellationToken cancellationToken, Int32 maxAttempts, Func`2 shouldRetry)
[2026-04-17 10:46:47Z ERR  BrokerServer] #####################################################
[2026-04-17 10:46:47Z ERR  BrokerServer] System.Threading.Tasks.TaskCanceledException: The operation was canceled.
 ---> System.IO.IOException: Unable to read data from the transport connection: The I/O operation has been aborted because of either a thread exit or an application request..
 ---> System.Net.Sockets.SocketException (995): The I/O operation has been aborted because of either a thread exit or an application request.
   --- End of inner exception stack trace ---
   at System.Net.Sockets.Socket.AwaitableSocketAsyncEventArgs.System.Threading.Tasks.Sources.IValueTaskSource<System.Int32>.GetResult(Int16 token)
   at System.Net.Security.SslStream.EnsureFullTlsFrameAsync[TIOAdapter](CancellationToken cancellationToken, Int32 estimatedSize)
   at System.Runtime.CompilerServices.PoolingAsyncValueTaskMethodBuilder`1.StateMachineBox`1.System.Threading.Tasks.Sources.IValueTaskSource<TResult>.GetResult(Int16 token)
   at System.Net.Security.SslStream.ReadAsyncInternal[TIOAdapter](Memory`1 buffer, CancellationToken cancellationToken)
   at System.Runtime.CompilerServices.PoolingAsyncValueTaskMethodBuilder`1.StateMachineBox`1.System.Threading.Tasks.Sources.IValueTaskSource<TResult>.GetResult(Int16 token)
   at System.Net.Http.HttpConnection.SendAsync(HttpRequestMessage request, Boolean async, CancellationToken cancellationToken)
   --- End of inner exception stack trace ---
   at System.Net.Http.HttpConnection.SendAsync(HttpRequestMessage request, Boolean async, CancellationToken cancellationToken)
   at System.Net.Http.AuthenticationHelper.SendWithNtAuthAsync(HttpRequestMessage request, Uri authUri, Boolean async, ICredentials credentials, Boolean isProxyAuth, HttpConnection connection, HttpConnectionPool connectionPool, CancellationToken cancellationToken)
   at System.Net.Http.HttpConnectionPool.SendWithVersionDetectionAndRetryAsync(HttpRequestMessage request, Boolean async, Boolean doRequestAuth, CancellationToken cancellationToken)
   at System.Net.Http.AuthenticationHelper.SendWithAuthAsync(HttpRequestMessage request, Uri authUri, Boolean async, ICredentials credentials, Boolean preAuthenticate, Boolean isProxyAuth, Boolean doRequestAuth, HttpConnectionPool pool, CancellationToken cancellationToken)
   at System.Net.Http.RedirectHandler.SendAsync(HttpRequestMessage request, Boolean async, CancellationToken cancellationToken)
   at GitHub.Services.Common.RawHttpMessageHandler.SendAsync(HttpRequestMessage request, CancellationToken cancellationToken)
   at GitHub.Services.Common.VssHttpRetryMessageHandler.SendAsync(HttpRequestMessage request, CancellationToken cancellationToken)
   at System.Net.Http.HttpClient.<SendAsync>g__Core|83_0(HttpRequestMessage request, HttpCompletionOption completionOption, CancellationTokenSource cts, Boolean disposeCts, CancellationTokenSource pendingRequestsCts, CancellationToken originalCancellationToken)
[2026-04-17 10:46:47Z ERR  BrokerServer] #####################################################
[2026-04-17 10:46:47Z ERR  BrokerServer] System.IO.IOException: Unable to read data from the transport connection: The I/O operation has been aborted because of either a thread exit or an application request..
 ---> System.Net.Sockets.SocketException (995): The I/O operation has been aborted because of either a thread exit or an application request.
   --- End of inner exception stack trace ---
   at System.Net.Sockets.Socket.AwaitableSocketAsyncEventArgs.System.Threading.Tasks.Sources.IValueTaskSource<System.Int32>.GetResult(Int16 token)
   at System.Net.Security.SslStream.EnsureFullTlsFrameAsync[TIOAdapter](CancellationToken cancellationToken, Int32 estimatedSize)
   at System.Runtime.CompilerServices.PoolingAsyncValueTaskMethodBuilder`1.StateMachineBox`1.System.Threading.Tasks.Sources.IValueTaskSource<TResult>.GetResult(Int16 token)
   at System.Net.Security.SslStream.ReadAsyncInternal[TIOAdapter](Memory`1 buffer, CancellationToken cancellationToken)
   at System.Runtime.CompilerServices.PoolingAsyncValueTaskMethodBuilder`1.StateMachineBox`1.System.Threading.Tasks.Sources.IValueTaskSource<TResult>.GetResult(Int16 token)
   at System.Net.Http.HttpConnection.SendAsync(HttpRequestMessage request, Boolean async, CancellationToken cancellationToken)
[2026-04-17 10:46:47Z ERR  BrokerServer] #####################################################
[2026-04-17 10:46:47Z ERR  BrokerServer] System.Net.Sockets.SocketException (995): The I/O operation has been aborted because of either a thread exit or an application request.
[2026-04-17 10:46:47Z WARN BrokerServer] Back off 12.115 seconds before next retry. 4 attempt left.
[2026-04-17 10:46:47Z INFO BrokerMessageListener] Get messages has been cancelled using local token source. Continue to get messages with new status.
